From
Unix and Perl Primer for Biologists
Keith Bradnam & Ian Korf
Version 3.1.2 â€” October 2016
http://korflab.ucdavis.edu/Unix_and_Perl/current.html


++++++++++++++++++++
	EXERCICES		
++++++++++++++++++++


# TASK: cd and ls

	
Mosky@Zumbador ~
$ pwd
/home/Mosky

Mosky@Zumbador ~
$ ls
test  USB

Mosky@Zumbador ~
$ cd USB/Unix_and_Perl_course

Mosky@Zumbador ~/USB/Unix_and_Perl_course
$ ls
Applications  Data           testUnixandPerl.pl   UnixCommands.txt
Code          Documentation  testUnixandPerl.txt

Mosky@Zumbador ~/USB/Unix_and_Perl_course
$ ls -l
total 14
drwxr-xr-x+ 1 Mosky None   0  5 jul  13:12 Applications
drwxr-xr-x+ 1 Mosky None   0 14 jul   2009 Code
drwxr-xr-x+ 1 Mosky None   0  5 jul  13:12 Data
drwxr-xr-x+ 1 Mosky None   0  5 jul  13:12 Documentation
-rwxr-xr-x  1 Mosky None 105  5 jul  12:43 testUnixandPerl.pl
-rwxr-xr-x  1 Mosky None  96  5 jul  12:43 testUnixandPerl.txt
-rwxr-xr-x  1 Mosky None 616  5 jul  13:49 UnixCommands.txt

###########################################################


# TASK: create and erase

Mosky@Zumbador ~/USB/Unix_and_Perl_course
$ mkdir to_erase

Mosky@Zumbador ~/USB/Unix_and_Perl_course
$ ls -p
Applications/  Data/           testUnixandPerl.pl   to_erase/
Code/          Documentation/  testUnixandPerl.txt  UnixCommands.txt

Mosky@Zumbador ~/USB/Unix_and_Perl_course
$ rmdir to_erase

Mosky@Zumbador ~/USB/Unix_and_Perl_course
$ ls
Applications  Data           testUnixandPerl.pl   UnixCommands.txt
Code          Documentation  testUnixandPerl.txt

################################################

# TASK: Create, move, rename

Mosky@Zumbador ~/USB/Unix_and_Perl_course
$ ls
Applications  Data           testUnixandPerl.pl   UnixCommands.txt
Code          Documentation  testUnixandPerl.txt

Mosky@Zumbador ~/USB/Unix_and_Perl_course
$ mkdir Temp

Mosky@Zumbador ~/USB/Unix_and_Perl_course
$ touch earth.txt

Mosky@Zumbador ~/USB/Unix_and_Perl_course
$ touch heaven.txt

Mosky@Zumbador ~/USB/Unix_and_Perl_course
$ ls
Applications  Documentation  Temp                 UnixCommands.txt
Code          earth.txt      testUnixandPerl.pl
Data          heaven.txt     testUnixandPerl.txt

Mosky@Zumbador ~/USB/Unix_and_Perl_course
$ mv earth.txt Temp/

Mosky@Zumbador ~/USB/Unix_and_Perl_course
$ mv heaven.txt Temp/

Mosky@Zumbador ~/USB/Unix_and_Perl_course
$ ls Temp/
earth.txt  heaven.txt

Mosky@Zumbador ~/USB/Unix_and_Perl_course
$ cd Temp

Mosky@Zumbador ~/USB/Unix_and_Perl_course/Temp
$ mv *.txt ..

Mosky@Zumbador ~/USB/Unix_and_Perl_course/Temp
$ mv ~/USB/Unix_and_Perl_course/*ea* ~/USB/Unix_and_Perl_course/Temp

Mosky@Zumbador ~/USB/Unix_and_Perl_course/Temp
$ touch fat fit feet

Mosky@Zumbador ~/USB/Unix_and_Perl_course/Temp
$ ls
earth.txt  fat  feet  fit  heaven.txt

Mosky@Zumbador ~/USB/Unix_and_Perl_course/Temp
$ ls f*t
fat  feet  fit

Mosky@Zumbador ~/USB/Unix_and_Perl_course/Temp
$ ls f?t
fat  fit

Mosky@Zumbador ~/USB/Unix_and_Perl_course/Temp
$ ls
earth.txt  fat  feet  fit  heaven.txt

Mosky@Zumbador ~/USB/Unix_and_Perl_course/Temp
$ mv fat ../lard #rename while moving

Mosky@Zumbador ~/USB/Unix_and_Perl_course/Temp
$ mv ~/USB/Unix_and_Perl_course/lard ~/USB/Unix_and_Perl_course/fat #rename

Mosky@Zumbador ~/USB/Unix_and_Perl_course/Temp
$ mv ~/USB/Unix_and_Perl_course/fat Temp/ #move

###############################################

# TASK: Remove

Mosky@Zumbador ~/USB/Unix_and_Perl_course
$ rm -i Temp/*.txt
rm: voleu eliminar el fitxer ordinari buit 'Temp/heaven.txt'? y

###############################################################

# TASK: Copy and remove

Mosky@Zumbador ~/USB/Unix_and_Perl_course
$ touch file1

Mosky@Zumbador ~/USB/Unix_and_Perl_course
$ cp file1 file2	#duplicate

Mosky@Zumbador ~/USB/Unix_and_Perl_course
$ mv file* Temp/

Mosky@Zumbador ~/USB/Unix_and_Perl_course
$ cp Temp/file* .	#Copy to current

Mosky@Zumbador ~/USB/Unix_and_Perl_course
$ rm -i file*
rm: voleu eliminar el fitxer ordinari buit 'file1'? y
rm: voleu eliminar el fitxer ordinari buit 'file2'? y

Mosky@Zumbador ~/USB/Unix_and_Perl_course
$ cp -R Temp Storage

Mosky@Zumbador ~/USB/Unix_and_Perl_course
$ ls Temp Storage
Storage:
file1  file2

Temp:
file1  file2

Mosky@Zumbador ~/USB/Unix_and_Perl_course
$ rm -i -r Temp
rm: voleu descendir al directori 'Temp'? y
rm: voleu eliminar el fitxer ordinari buit 'Temp/file1'? y
rm: voleu eliminar el fitxer ordinari buit 'Temp/file2'? y
rm: voleu eliminar el directori 'Temp'? y

Mosky@Zumbador ~/USB/Unix_and_Perl_course
$ rm -i -r Storage/
rm: voleu descendir al directori 'Storage/'? y
rm: voleu eliminar el fitxer ordinari buit 'Storage/file1'? y
rm: voleu eliminar el fitxer ordinari buit 'Storage/file2'? y
rm: voleu eliminar el directori 'Storage/'? y

#############################################

# TASK: Alias

Mosky@Zumbador ~/USB/Unix_and_Perl_course
$ alias ls='ls -p'

Mosky@Zumbador ~/USB/Unix_and_Perl_course
$ ls
Applications/  Data/           testUnixandPerl.pl   UnixCommands.txt
Code/          Documentation/  testUnixandPerl.txt

Mosky@Zumbador ~/USB/Unix_and_Perl_course
$ alias rm='rm -i -r'

##############################

# TASK: Read, write, execute

Mosky@Zumbador ~
$ nano profile

Mosky@Zumbador ~
$ cd USB/Unix_and_Perl_course/

Mosky@Zumbador ~/USB/Unix_and_Perl_course
$ nano profile

Mosky@Zumbador ~/USB/Unix_and_Perl_course
$ less profile

#Output:

#Useful command line short-cuts
alias ls='ls -p'  
alias rm='rm -i -r'

Mosky@Zumbador ~/USB/Unix_and_Perl_course
$ source profile

Mosky@Zumbador ~/USB/Unix_and_Perl_course
$ ls
Applications/  Data/           profile  testUnixandPerl.pl   UnixCommands.txt
Code/          Documentation/  Temp/    testUnixandPerl.txt

##########################################################

# TASK: first script

# my first Unix shell script  

echo "Hello World"

Mosky@Zumbador ~
$ touch Code/hello.sh

Mosky@Zumbador ~
$ nano Code/hello.sh

Mosky@Zumbador ~
$ hello.sh
Hello World

Mosky@Zumbador ~
$ mv Code/hello.sh Notas/

Mosky@Zumbador ~
$ cd Notas/

Mosky@Zumbador ~/Notas
$ hello.sh
-bash: /cygdrive/d/Dropbox/WORKING_NOW/BIOINFORMATICS/UNIXyPERL/USB/Unix_and_Perl_course/Code/hello.sh: No such file or directory

Mosky@Zumbador ~/Notas
$ ./hello.sh
Hello World

###################

# TASK: Script permissions

Mosky@Zumbador ~
$ nano Code/change_file_extension

	#!/bin/bash

	for filename in *.$1  
	do  
		mv $filename ${filename%$1}$2  
	done

Mosky@Zumbador ~
$ cd Data/Unix_test_files/Text/

Mosky@Zumbador ~/Data/Unix_test_files/Text
$ chmod u+x ~/Code/change_file_extension.sh

Mosky@Zumbador ~/Data/Unix_test_files/Text
$ ls
data.txt  README.txt  todo.txt

Mosky@Zumbador ~/Data/Unix_test_files/Text
$ change_file_extension.sh txt text

Mosky@Zumbador ~/Data/Unix_test_files/Text
$ ls
data.text  README.text  todo.text

#####################################

# TASK: grep and less

Mosky@Zumbador ~/Data/Arabidopsis
$ grep "ATGTGA" intron_IME_data.fasta			# Output: In the command promp will appear the lines containing ATGGTA; probably too many to handle

Mosky@Zumbador ~/Data/Arabidopsis
$ less intron_IME_data.fasta					# Output: Will show in the viewer all the data in the file, "less" allows to navigate and search in the text (with "/text_to_search")

Mosky@Zumbador ~/Data/Arabidopsis
$ grep "ATGTGA" intron_IME_data.fasta | less	# Output: Will show in the viewer the lines containing "ATGGTA", "less" allows to navigate and search in the text

Mosky@Zumbador ~/Data/Arabidopsis
$ grep -i ACGTC * | head						# Show first 10 lines from any file that contain ACGTC in both upper and lower case
At_proteins.fasta:VFDLGGREFWVDCDQGYVSTTYRSPRCNSAVCSRAGSIACGTCFSPPRPGCSNNTCGAFP
At_proteins.fasta:GNFKESLTGYAKGMLSLYEAAHLGTTKDYILQEALSFTSSHLESLAACGTCPPHLSVHIQ
At_proteins.fasta:MAVFRVLLASLLISLLVLDFVHADMVTSNDAPKIDCNSRCQERCSLSSRPNLCHRACGTC
chr1.fasta:TGTCTACTGATTTGATGTTTTCCTAAACTGTTGATTCGTTTCAGGTCAACCAATCACGTCAACGAAATTCAGGATCTTA
chr1.fasta:TATGCTGCAAGTACCAGTCAATTTTAGTATGGGAAACTATAAACATGTATAATCAACCAATGAACACGTCAATAACCTA
chr1.fasta:TTGAACAGCTTAGGGTGAAAATTATGATCCGTAGAGACAGCATTTAAAAGTTCCTTACGTCCACGTAAAATAATATATC
chr1.fasta:GGGATCACGAGTCTGTTGAGTTTTCCGACGTCGCTTGGTGTTACCACTTTGTCGAACATGTGTTCTTTCTCCGGAGGTG
chr1.fasta:CTGCAAAGGCCTACCTGTTTGTCCCTGTTACTGACAATACGTCTATGGAACCCATAAAAGGGATCAACTGGGAATTGGT
chr1.fasta:ACGTCGAAGGGGGTAAGATTGCAGCTAATCATTTGATGAAATGGATTGGGATTCACGTGGAGGATGATCCTGATGAAGT
chr1.fasta:ACGGTGATAACGAATCTATCATCTATGATCCAATCATTAACGTCTCTGCTCTTGTAAAGGCTCAAGAGAGCACATTGAA

#########################################################################################

# TASK: Regular expressions
Mosky@Zumbador ~/Data/Arabidopsis
$ grep AB*AC TEST.txt
ABABABAC
ABABACAC
ABACACAC
ABACTTTT
TABABACT

Mosky@Zumbador ~/Data/Arabidopsis
$ grep AB.AC TEST.txt
ABTABTAC
TTABTACT
TABABTAC

Mosky@Zumbador ~/Data/Arabidopsis
$ grep AB.*.AC TEST.txt
ABABABAC
ABABACAC
ABACACAC
ABTABTAC
ABTTTTAC
TTABTTAC
TTABTACT
TABABTAC
TABABACT

Mosky@Zumbador ~/Data/Arabidopsis
$ grep ^AB.*.AC TEST.txt
ABABABAC
ABABACAC
ABACACAC
ABTABTAC
ABTTTTAC

##############

# TASK: Text file line operations

Mosky@Zumbador ~/Data/Arabidopsis
$ head -n 1 chr1.fasta
>Chr1 dumped from ADB: Mar/14/08 12:28; last updated: 2007-12-20
Mosky@Zumbador ~/Data/Arabidopsis

$ head -n 1 chr1.fasta | sed 's/Chr1/Chromosome 1/'
>Chromosome 1 dumped from ADB: Mar/14/08 12:28; last updated: 2007-12-20

Mosky@Zumbador ~
$ wc Data/Arabidopsis/At_genes.gff
  531497  4783473 39322356 Data/Arabidopsis/At_genes.gff

Mosky@Zumbador ~
$ head -n 10000 Data/Arabidopsis/At_genes.gff > Data/Arabidopsis/At_genes_subset.gff

Mosky@Zumbador ~/Data/Arabidopsis
$ ls -l
total 97737
-rwxrwx---+ 1 Mosky None 39322356  9 jul   2009 At_genes.gff
-rw-rw-r--+ 1 Mosky None   705370 10 jul  13:06 At_genes_subset.gff
-rwxrwx---+ 1 Mosky None 17891640  2 oct   2012 At_proteins.fasta
-rwxrwx---+ 1 Mosky None 30817851  7 maig  2008 chr1.fasta
-rwxrwx---+ 1 Mosky None 11330760  2 oct   2012 intron_IME_data.fasta
-rw-rw-r--+ 1 Mosky None       98  9 jul  00:32 test.txt


Mosky@Zumbador ~/Data/Arabidopsis
$ cut -f 3 At_genes_subset.gff | sort | uniq		#To see all types of sequenes
CDS
chromosome
exon
five_prime_UTR
gene
miRNA
mRNA
ncRNA
protein
pseudogene
pseudogenic_exon
pseudogenic_transcript
snoRNA
three_prime_UTR
transposable_element_gene
tRNA

Mosky@Zumbador ~/Data/Arabidopsis
$ cut -f 3,4 At_genes_subset.gff | sort -n -k 2 | head	#To see which type of sequence appear first in the chromosome
chromosome      1
exon    3631
five_prime_UTR  3631
gene    3631
mRNA    3631
CDS     3760
protein 3760
CDS     3996
exon    3996
CDS     4486

Mosky@Zumbador ~/Data/Arabidopsis
$ less ~/Data/Misc/excel_data.csv

	sequence 1,acacagagag^Msequence 2,acacaggggaaa^Msequence 3,ttcacagaga^Msequence 4,cacaccaaacac^Msequence 5,tttatatttaatata
	(END)

Mosky@Zumbador ~/Data/Misc
$ tr '\r' '\n' < excel_data.csv
sequence 1,acacagagag
sequence 2,acacaggggaaa
sequence 3,ttcacagaga
sequence 4,cacaccaaacac
sequence 5,tttatatttaatata

Mosky@Zumbador ~/Data/Misc
$ tr '\r' '\n' < excel_data.csv > excel_data_new.csv

---

Mosky@Zumbador ~/Data/Arabidopsis
$ head intron_IME_data.fasta
>AT1G68260.1_i1_204_CDS
GTATACACATCTCTCTACTTTCATATTTTGCATCTCTAACGAAATCGGATTCCGTCGTTG
TGAAATTGAGTTTTCGGATTCAGTGTTGTCGAGATTCTATATCTGATTCAGTGATCTAAT
GATTCTGATTGAAAATCTTCGCTATTGTACAG
>AT1G68260.1_i2_457_CDS
GTTAGTTTTCAATGTTGCTGCTTCTGATTGTTGAAAGTGTTCATACATTTGTGAATTTAG
TTGATAAAATCTGAACTCTGCATGATCAAAGTTACTTCTTTACTTAGTTTGACAGGGACT
TTTTTTGTGAATGTGGTTGAGTAGAATTTAGGGCTTTGGATTAAATGTGACAAGATTTTG
CTAGTAAGTTTAGAGTCTTGCTAGTAATTCAGTTAGTTTGTGATGTTGCTGCTTCAGATT
GTGTACTTTTCTATTGTTAAAGAGGAAGTTTCAGATCGTGTTCTTGACAGAATCTGGAAT

#########################################################

#TASK: Differences between sed and tr

Mosky@Zumbador ~/Data/Arabidopsis
$ echo I am a good boy | sed 's/good/best/g'
I am a best boy

Mosky@Zumbador ~/Data/Arabidopsis
$ echo I am a good boy | tr 'good' 'best'
I am a bsst bsy

-> tr is more useful to change all symbols in a document, as all () per []

Mosky@Zumbador ~/Data/Arabidopsis
$ tr '{}' '()' < test.txt > newtest.txt

####################################

TASK: Combining different expressions to do complex operations

# Each header of intron_IME_data.fasta file contains:
>genename_intron-position-in-gene_distance-of-intron-from-transcription-star-site(TSS)_type-of-sequence-that-intron-is-located-in(CDS-or-UTR)
--> we want to extract five sequences from this file that are: a) from first introns, b) in the 5â€™ UTR, and c) closest to the TSS.
# -> Find the five introns which have the lowest values
# First we need to put the sequences in the same line that their names, after sorting and selecting we'll separate them again

$ tr '\n' '@'								change all line separators by "@" (all in one line)
	sed 's/>/#>/g'							Substitute every ">" (beginning of each sequence) by #>
		tr '#' '\n'							change the "#" by "\n" <- new line" (now there is again one line per sequence, but sequences and their names are
												in the same line)
			grep "i1_.*5UTR"				search and select lines whose names indicate that are from the first intron (i1_) in the 5' UTR (5UTR)
				sort -nk 3 -t "_"			sort numerically based on column 3; columns are delimited by "_"
					head -n 5				print first five lines
						tr '@' '\n'			change "@" for "\n" <- new line (to separate back the names and the sequences in diferent lines)

Mosky@Zumbador ~/Data/Arabidopsis
$ tr '\n' '@' < intron_IME_data.fasta | sed 's/>/#>/g' | tr '#' '\n' | grep "i1_.*5UTR" | sort -nk 3 -t "_" | head -n 5 | tr '@' '\n'
>AT4G39070.1_i1_7_5UTR
GTGTGAAACCAAAACCAAAACAAGTCAATTTGGGGGCATTGAAAGCAAAGGAGAGAGTAG
CTATCAAATCAAGAAAATGAGAGGAAGGAGTTAAAAAAGACAAAGGAAACCTAAGCTGCT
TATCTATAAAGCCAACACATTATTCTTACCCTTTTGCCCACACTTATACCCCATCAACCT
CTACATACACTCACCCACATGAGTGTCTCTACATAAACACTACTATATAGTACTGGTCCA
AAGGTACAAGTTGAGGGAG

>AT5G38430.1_i1_7_5UTR
GCTTTTTGCCTCTTACGGTTCTCACTATATAAAGATGACAAAACCAATAGAAAAACAATT
AAG

>AT1G31820.1_i1_14_5UTR
GTTTGTACTTCTTTACCTCTCGTAAATGTTTAGACTTTCGTATAAGGATCCAAGAATTTA
TCTGATTGTTTTTTTTTCTTTGTTTCTTTGTGTTGATTCAG

>AT3G12670.1_i1_18_5UTR
GTAGAATTCGTAAATTTCTTCTGCTCACTTTATTGTTTCGACTCATACCCGATAATCTCT
TCTATGTTTGGTAGAGATATCTTCTCAAAGTCTTATCTTTCCTTACCGTGTTCTGTGTTT
TTTGATGATTTAG

>AT1G26930.1_i1_19_5UTR
GTATAATATGAGAGATAGACAAATGTAAAGAAAAACACAGAGAGAAAATTAGTTTAATTA
ATCTCTCAAATATATACAAATATTAAAACTTCTTCTTCTTCAATTACAATTCTCATTCTT
TTTTTCTTGTTCTTATATTGTAGTTGCAAGAAAGTTAAAAGATTTTGACTTTTCTTGTTT
CAG

+++++++++++++++++++++++++++++++++++++++++++++++++++++++++

#Basic simple Perl scripts I did to practice:

# float.pl
# pow.pl
# stirling.pl
# conditional.pl
# nested_conditional.pl
# elseif.pl


*******************************

#		Project 0: POISSON -> Use the Poisson distribution to check if the found deph of coverage is random fluctuation, call: $	poissoncheck.pl number1(lambda) number2(k)

*******************************

#More basic scripts done:
#strings.pl
#matching.pl
#transliterate.pl

*******************************

#		Project 1: DNA composition - > We need to write a program to read a sequence (DNA) and determine its length and composition. call: $	dnacompos.pl yourdnasequence

*******************************

list.pl
undefined.pl
array.pl
stringarray.pl
sorting.pl
loop.pl

*******************************
Task P12.4: Use a loop to create a program that computes the factorial of a number. call: $		factorial.pl <number>

*******************************
sumint.pl
loops.pl
primes.pl

*******************************

#		Project 2: Descriptive statistics
stats.pl

*******************************

#		Project 3: Sequence Shuffler
shuffler.pl

*******************************

linecount.pl
filemunger.pl
hash.pl
oligo.pl --> To calculate the melting temperature and sort oligos accordingly
substr.pl
codon_usage.pl

********************************
#		Project 4: The name game